
node:assert:150
  throw new AssertionError(obj);
  ^

AssertionError [ERR_ASSERTION]: Expected values to be strictly equal:
+ actual - expected

+ undefined
- '1f40c6b6bc08efca9954997dd0184b8c341243e08f4bcea2f54d7caf0cba7d8b'

    at [eval]:1:549
    at runScriptInThisContext (node:internal/vm:209:10)
    at node:internal/process/execution:446:12
    at [eval]-wrapper:6:24
    at runScriptInContext (node:internal/process/execution:444:60)
    at evalFunction (node:internal/process/execution:279:30)
    at evalTypeScript (node:internal/process/execution:291:3)
    at node:internal/main/eval_string:74:3 {
  generatedMessage: true,
  code: 'ERR_ASSERTION',
  actual: undefined,
  expected: '1f40c6b6bc08efca9954997dd0184b8c341243e08f4bcea2f54d7caf0cba7d8b',
  operator: 'strictEqual',
  diff: 'simple'
}

Node.js v22.20.0
