
 RUN  v3.2.7 C:/TEST repos/update-env/alpaca-paper-trader-control-plane-v1.1.0

 ✓ tests/config.test.ts (6 tests) 53ms
 ✓ tests/account-state.test.ts (12 tests) 92ms
 ✓ tests/market-state.test.ts (11 tests) 113ms
{"level":30,"time":1791103197033,"pid":2712,"hostname":"bretlaptop","reqId":"req-1","req":{"method":"GET","url":"/health","host":"localhost:80","remoteAddress":"127.0.0.1"},"msg":"incoming request"}
{"level":30,"time":1791103197107,"pid":21548,"hostname":"bretlaptop","reqId":"req-1","req":{"method":"GET","url":"/__local/state","host":"localhost:80","remoteAddress":"127.0.0.1"},"msg":"incoming request"}
{"level":30,"time":1791103197108,"pid":21548,"hostname":"bretlaptop","reqId":"req-1","msg":"Route GET:/__local/state not found"}
{"level":30,"time":1791103197108,"pid":21548,"hostname":"bretlaptop","reqId":"req-1","res":{"statusCode":404},"responseTime":0.4574999999999818,"msg":"request completed"}
 ✓ tests/local-test-harness.test.ts (2 tests) 572ms
   ✓ loopback local runtime controls > resets, controls virtual time, replays bounded fixtures, and exposes normalized account state  527ms
{"level":30,"time":1791103197182,"pid":2712,"hostname":"bretlaptop","reqId":"req-1","req":{"method":"GET","url":"/health","host":"localhost:80","remoteAddress":"127.0.0.1"},"msg":"incoming request"}
{"level":30,"time":1791103197168,"pid":2712,"hostname":"bretlaptop","reqId":"req-1","res":{"statusCode":200},"responseTime":132.7107000000001,"msg":"request completed"}
{"level":30,"time":1791103197184,"pid":2712,"hostname":"bretlaptop","reqId":"req-1","res":{"statusCode":503},"responseTime":1.7221000000004096,"msg":"request completed"}
{"level":30,"time":1791103197186,"pid":2712,"hostname":"bretlaptop","reqId":"req-2","req":{"method":"POST","url":"/orders","host":"localhost:80","remoteAddress":"127.0.0.1"},"msg":"incoming request"}
{"level":30,"time":1791103197186,"pid":2712,"hostname":"bretlaptop","reqId":"req-2","msg":"Route POST:/orders not found"}
{"level":30,"time":1791103197187,"pid":2712,"hostname":"bretlaptop","reqId":"req-2","res":{"statusCode":404},"responseTime":1.0015000000003056,"msg":"request completed"}
 ✓ tests/app.test.ts (2 tests) 465ms
   ✓ HTTP health and status observation > shows PAPER mode and an available local database  450ms

 Test Files  5 passed (5)
      Tests  33 passed (33)
   Start at  04:39:54
   Duration  2.89s (transform 845ms, setup 0ms, collect 3.74s, tests 1.30s, environment 2ms, prepare 1.49s)

